MPLINK 5.09, LINKER
Linker Map File - Created Wed Dec 08 20:47:31 2021

                                 Section Info
                  Section       Type    Address   Location Size(Bytes)
                ---------  ---------  ---------  ---------  ---------
                 RES_VECT       code   0x000000    program   0x000004
                   .cinit    romdata   0x000004    program   0x000002
                MAIN_PROG       code   0x000006    program   0x00000a
                variaveis      udata   0x000020       data   0x000006



                              Program Memory Usage 
                               Start         End      
                           ---------   ---------      
                            0x000000    0x00000f      
            16 out of 33048 program addresses used, program memory utilization is 0%



                              Symbols - Sorted by Name
                     Name    Address   Location    Storage File                     
                ---------  ---------  ---------  --------- ---------                
                    START   0x000006    program     static C:\Users\carlos\MPLABXProjects\trabalho_01.X\questao01.asm
                        A   0x000020       data     static C:\Users\carlos\MPLABXProjects\trabalho_01.X\questao01.asm
                        B   0x000022       data     static C:\Users\carlos\MPLABXProjects\trabalho_01.X\questao01.asm
                RESULTADO   0x000024       data     static C:\Users\carlos\MPLABXProjects\trabalho_01.X\questao01.asm



                              Symbols - Sorted by Address
                     Name    Address   Location    Storage File                     
                ---------  ---------  ---------  --------- ---------                
                    START   0x000006    program     static C:\Users\carlos\MPLABXProjects\trabalho_01.X\questao01.asm
                        A   0x000020       data     static C:\Users\carlos\MPLABXProjects\trabalho_01.X\questao01.asm
                        B   0x000022       data     static C:\Users\carlos\MPLABXProjects\trabalho_01.X\questao01.asm
                RESULTADO   0x000024       data     static C:\Users\carlos\MPLABXProjects\trabalho_01.X\questao01.asm


