MPLINK 5.09, LINKER
Linker Map File - Created Fri Dec 10 09:26:05 2021

                                 Section Info
                  Section       Type    Address   Location Size(Bytes)
                ---------  ---------  ---------  ---------  ---------
                 RES_VECT       code   0x000000    program   0x000004
                   .cinit    romdata   0x000004    program   0x000002
                MAIN_PROG       code   0x000006    program   0x000026
                VARIAVEIS      udata   0x000020       data   0x000002



                              Program Memory Usage 
                               Start         End      
                           ---------   ---------      
                            0x000000    0x00002b      
            44 out of 33048 program addresses used, program memory utilization is 0%



                              Symbols - Sorted by Name
                     Name    Address   Location    Storage File                     
                ---------  ---------  ---------  --------- ---------                
                    START   0x000006    program     static C:\Users\carlos\MPLABXProjects\questao03_parte01.X\questao03.asm
                     CONT   0x000021       data     static C:\Users\carlos\MPLABXProjects\questao03_parte01.X\questao03.asm
                   NUMERO   0x000020       data     static C:\Users\carlos\MPLABXProjects\questao03_parte01.X\questao03.asm



                              Symbols - Sorted by Address
                     Name    Address   Location    Storage File                     
                ---------  ---------  ---------  --------- ---------                
                    START   0x000006    program     static C:\Users\carlos\MPLABXProjects\questao03_parte01.X\questao03.asm
                   NUMERO   0x000020       data     static C:\Users\carlos\MPLABXProjects\questao03_parte01.X\questao03.asm
                     CONT   0x000021       data     static C:\Users\carlos\MPLABXProjects\questao03_parte01.X\questao03.asm


