MPLINK 5.09, LINKER
Linker Map File - Created Thu Dec 09 20:21:37 2021

                                 Section Info
                  Section       Type    Address   Location Size(Bytes)
                ---------  ---------  ---------  ---------  ---------
                 RES_VECT       code   0x000000    program   0x000004
                   .cinit    romdata   0x000004    program   0x000002
                MAIN_PROG       code   0x000006    program   0x000074



                              Program Memory Usage 
                               Start         End      
                           ---------   ---------      
                            0x000000    0x000079      
            122 out of 33048 program addresses used, program memory utilization is 0%



                              Symbols - Sorted by Name
                     Name    Address   Location    Storage File                     
                ---------  ---------  ---------  --------- ---------                
           ATUALIZA_MENOR   0x000070    program     static C:\Users\carlos\MPLABXProjects\questao04_parte01.X\questao04.asm
                    IGUAL   0x000026    program     static C:\Users\carlos\MPLABXProjects\questao04_parte01.X\questao04.asm
                    MAIOR   0x000040    program     static C:\Users\carlos\MPLABXProjects\questao04_parte01.X\questao04.asm
                    MENOR   0x000058    program     static C:\Users\carlos\MPLABXProjects\questao04_parte01.X\questao04.asm
                    START   0x000006    program     static C:\Users\carlos\MPLABXProjects\questao04_parte01.X\questao04.asm



                              Symbols - Sorted by Address
                     Name    Address   Location    Storage File                     
                ---------  ---------  ---------  --------- ---------                
                    START   0x000006    program     static C:\Users\carlos\MPLABXProjects\questao04_parte01.X\questao04.asm
                    IGUAL   0x000026    program     static C:\Users\carlos\MPLABXProjects\questao04_parte01.X\questao04.asm
                    MAIOR   0x000040    program     static C:\Users\carlos\MPLABXProjects\questao04_parte01.X\questao04.asm
                    MENOR   0x000058    program     static C:\Users\carlos\MPLABXProjects\questao04_parte01.X\questao04.asm
           ATUALIZA_MENOR   0x000070    program     static C:\Users\carlos\MPLABXProjects\questao04_parte01.X\questao04.asm


