MPLINK 5.09, LINKER
Linker Map File - Created Sun Dec 19 12:46:31 2021

                                 Section Info
                  Section       Type    Address   Location Size(Bytes)
                ---------  ---------  ---------  ---------  ---------
                 RES_VECT       code   0x000000    program   0x000004
                   .cinit    romdata   0x000004    program   0x000002
                MAIN_PROG       code   0x000006    program   0x000046
                VARIAVEIS      udata   0x000000       data   0x000000



                              Program Memory Usage 
                               Start         End      
                           ---------   ---------      
                            0x000000    0x00004b      
            76 out of 33048 program addresses used, program memory utilization is 0%



                              Symbols - Sorted by Name
                     Name    Address   Location    Storage File                     
                ---------  ---------  ---------  --------- ---------                
                     LOOP   0x00000a    program     static C:\Users\carlos\MPLABXProjects\gerador_sinais.X\gerador_sinais_parte02.asm
                    LOOP2   0x000030    program     static C:\Users\carlos\MPLABXProjects\gerador_sinais.X\gerador_sinais_parte02.asm
              Periodo10us   0x00002c    program     static C:\Users\carlos\MPLABXProjects\gerador_sinais.X\gerador_sinais_parte02.asm
                    START   0x000006    program     static C:\Users\carlos\MPLABXProjects\gerador_sinais.X\gerador_sinais_parte02.asm
        ContaPeriodo100us   0x000000       data     static C:\Users\carlos\MPLABXProjects\gerador_sinais.X\gerador_sinais_parte02.asm



                              Symbols - Sorted by Address
                     Name    Address   Location    Storage File                     
                ---------  ---------  ---------  --------- ---------                
                    START   0x000006    program     static C:\Users\carlos\MPLABXProjects\gerador_sinais.X\gerador_sinais_parte02.asm
                     LOOP   0x00000a    program     static C:\Users\carlos\MPLABXProjects\gerador_sinais.X\gerador_sinais_parte02.asm
              Periodo10us   0x00002c    program     static C:\Users\carlos\MPLABXProjects\gerador_sinais.X\gerador_sinais_parte02.asm
                    LOOP2   0x000030    program     static C:\Users\carlos\MPLABXProjects\gerador_sinais.X\gerador_sinais_parte02.asm
        ContaPeriodo100us   0x000000       data     static C:\Users\carlos\MPLABXProjects\gerador_sinais.X\gerador_sinais_parte02.asm


