MPLINK 5.09, LINKER
Linker Map File - Created Mon Dec 13 14:27:43 2021

                                 Section Info
                  Section       Type    Address   Location Size(Bytes)
                ---------  ---------  ---------  ---------  ---------
                 RES_VECT       code   0x000000    program   0x000004
                   .cinit    romdata   0x000004    program   0x000002
                MAIN_PROG       code   0x000006    program   0x000040
                VARIAVEIS      udata   0x000020       data   0x000009



                              Program Memory Usage 
                               Start         End      
                           ---------   ---------      
                            0x000000    0x000045      
            70 out of 33048 program addresses used, program memory utilization is 0%



                              Symbols - Sorted by Name
                     Name    Address   Location    Storage File                     
                ---------  ---------  ---------  --------- ---------                
                   DIV_16   0x00001c    program     static C:\Users\carlos\MPLABXProjects\questao02_parte01.X\questao02.asm
                  FIM_DIV   0x000044    program     static C:\Users\carlos\MPLABXProjects\questao02_parte01.X\questao02.asm
                  REP_SUB   0x000028    program     static C:\Users\carlos\MPLABXProjects\questao02_parte01.X\questao02.asm
                    START   0x000006    program     static C:\Users\carlos\MPLABXProjects\questao02_parte01.X\questao02.asm
          _MAIN_PROG_0012   0x000018    program     static C:\Users\carlos\MPLABXProjects\questao02_parte01.X\questao02.asm
                      aux   0x000027       data     static C:\Users\carlos\MPLABXProjects\questao02_parte01.X\questao02.asm
                        q   0x000023       data     static C:\Users\carlos\MPLABXProjects\questao02_parte01.X\questao02.asm
                        r   0x000025       data     static C:\Users\carlos\MPLABXProjects\questao02_parte01.X\questao02.asm
                       v1   0x000020       data     static C:\Users\carlos\MPLABXProjects\questao02_parte01.X\questao02.asm
                       v2   0x000022       data     static C:\Users\carlos\MPLABXProjects\questao02_parte01.X\questao02.asm



                              Symbols - Sorted by Address
                     Name    Address   Location    Storage File                     
                ---------  ---------  ---------  --------- ---------                
                    START   0x000006    program     static C:\Users\carlos\MPLABXProjects\questao02_parte01.X\questao02.asm
          _MAIN_PROG_0012   0x000018    program     static C:\Users\carlos\MPLABXProjects\questao02_parte01.X\questao02.asm
                   DIV_16   0x00001c    program     static C:\Users\carlos\MPLABXProjects\questao02_parte01.X\questao02.asm
                  REP_SUB   0x000028    program     static C:\Users\carlos\MPLABXProjects\questao02_parte01.X\questao02.asm
                  FIM_DIV   0x000044    program     static C:\Users\carlos\MPLABXProjects\questao02_parte01.X\questao02.asm
                       v1   0x000020       data     static C:\Users\carlos\MPLABXProjects\questao02_parte01.X\questao02.asm
                       v2   0x000022       data     static C:\Users\carlos\MPLABXProjects\questao02_parte01.X\questao02.asm
                        q   0x000023       data     static C:\Users\carlos\MPLABXProjects\questao02_parte01.X\questao02.asm
                        r   0x000025       data     static C:\Users\carlos\MPLABXProjects\questao02_parte01.X\questao02.asm
                      aux   0x000027       data     static C:\Users\carlos\MPLABXProjects\questao02_parte01.X\questao02.asm


